// Jest Snapshot v1, https://goo.gl/fbAQLP

exports[`should render expenses list with correct data 1`] = `
<div>
  <ExpenseListItem
    amount={195}
    createdAt={0}
    description="gum"
    id="1"
    key="1"
    note=""
  />
  <ExpenseListItem
    amount={109500}
    createdAt={-345600000}
    description="rent"
    id="2"
    key="2"
    note=""
  />
  <ExpenseListItem
    amount={4500}
    createdAt={345600000}
    description="Credit Card"
    id="3"
    key="3"
    note=""
  />
</div>
`;

exports[`should render expenses list with empty expenses 1`] = `
<div>
  <p>
    No Expenses
  </p>
</div>
`;
